(.venv) (base) PS C:\Python\Prosperous_Bot> git branch
  feat/btc-neutral-rebalancer-tools
  prosperous_bot
* test-jules-code
(.venv) (base) PS C:\Python\Prosperous_Bot> git status
On branch test-jules-code
nothing to commit, working tree clean
(.venv) (base) PS C:\Python\Prosperous_Bot> git add -f reports/backtest_20250529_194302
(.venv) (base) PS C:\Python\Prosperous_Bot> git status
On branch test-jules-code
nothing to commit, working tree clean
(.venv) (base) PS C:\Python\Prosperous_Bot> git commit -m "Add backtest results from 20250529_194302 (forcing add due to .gitignore)"
On branch test-jules-code
nothing to commit, working tree clean
(.venv) (base) PS C:\Python\Prosperous_Bot> git push origin test-jules-code
Everything up-to-date
(.venv) (base) PS C:\Python\Prosperous_Bot> 